definitions:
  extensibleObject:
    type: object
    additionalProperties: true
swagger: "2.0"
info:
  title: Kusion
  version: v0.0.2
paths: {}
