definitions:
  Socket:
    type: object
    properties:
      protocol:
        type: string
        default: TCP
swagger: "2.0"
info:
  title: Kusion
  version: v0.0.2
paths: {}
